// Jest Snapshot v1, https://goo.gl/fbAQLP

exports[`Custom Navbar component renders correctly 1`] = `
<nav
  className="navbar navbar-expand-lg navbar-light bg-white shadow-sm px-5"
>
  <a
    className="navbar-brand"
    href="#home"
  >
    <div
      className="sc-bxivhb hgkJjS"
    >
      <img
        className="feather"
        src="test-file-stub"
      />
    </div>
  </a>
  <a
    className="mr-3 d-none d-sm-block d-lg-none d-md-none nav-link"
    href="#"
    onClick={[Function]}
    onKeyDown={[Function]}
    role="button"
    to="/signup"
  >
    Samantha
  </a>
  <button
    className="ml-auto sc-bZQynM jeoEJJ"
  >
    Login
  </button>
</nav>
`;
