// Jest Snapshot v1, https://goo.gl/fbAQLP

exports[`<SingleArticle/> should render the SingleArticle component with 1 div 1`] = `
<Fragment>
  <div
    className="SingleArticle"
  >
    <div
      className="heading-section"
    >
      <h1
        className="heading-primary"
      />
      <div
        className="heading-info"
      >
        <div
          className="article-info"
        >
          <div
            className="author-image-box"
          >
            <p
              className="author"
            >
               written by 
              jane
            </p>
            <img
              alt="user-image"
              className="user-image"
              height="50"
              width="50"
            />
          </div>
          <div
            className="follow-bookmark-box"
          >
            <button
              className="follow-btn"
              onClick={[Function]}
            >
              Follow
            </button>
            <span>
              <i
                className="fas fa-bookmark fa-4x bookmarked-icon"
                onClick={[Function]}
              />
            </span>
          </div>
        </div>
        <p
          className="date-created"
        >
          1
    /0/1970
        </p>
        <p
          className="time-to-read"
        />
      </div>
    </div>
    <section
      className="article-body-container"
    >
      <div
        className="article-body"
        dangerouslySetInnerHTML={
          Object {
            "__html": "test article",
          }
        }
      />
      <div
        className="tags-container"
      />
      <section
        className="reaction-share-section"
      >
        <div
          className="reaction-container"
        >
          <LikeComponent
            className="reaction-logo"
            color="rgba(0,0,0,.5)"
            id="i-am-so-good"
            likeCount={6}
            likedByMe={false}
            onClick={[Function]}
          />
          <DislikeComponent
            className="reaction-logo"
            color="#0B41CD"
            dislikeCount={3}
            onClick={[Function]}
          />
          <CommentIconComponent
            className="reaction-logo"
            commentCount={2}
          />
        </div>
        <div
          className="share-container"
        >
          <span
            className="social share-text"
          >
            Share on
          </span>
          <a
            href="https://www.facebook.com/sharer/sharer.php?u=http://localhost/"
            rel="noopener noreferrer"
            target="_blank"
          >
            <img
              alt="facebook logo"
              className="social"
              src="test-file-stub"
            />
          </a>
          <a
            className="twitter-share-button"
            href="https://twitter.com/intent/tweet?url=http://localhost/"
            rel="noopener noreferrer"
            target="_blank"
          >
            <img
              alt="twitter logo"
              className="social"
              src="test-file-stub"
            />
          </a>
        </div>
      </section>
      <section
        className="comment-section"
      >
        <div
          className="container pt-5 pb-5"
        >
          <Connect(CommentForm)
            slug="i-am-so-good"
          />
        </div>
        <hr />
        <div
          className="container pt-5 pb-5"
        >
          <h2>
            Comments
          </h2>
          <CommentFeed
            comments={
              Array [
                Object {
                  "articleId": 1,
                  "commentBody": "We are africans",
                  "commenter": Object {
                    "imageUrl": "goal.com/en-gb",
                    "name": "omenkish",
                    "username": "Omenkish",
                  },
                  "createdAt": "1970-01-01T00:00:00.000Z",
                  "id": 1,
                  "userId": 1,
                },
                Object {
                  "articleId": 2,
                  "commentBody": "We are africans",
                  "commenter": Object {
                    "imageUrl": "goal.com/en-gb/hello-world",
                    "name": "omenkish Baller",
                    "username": "omenkish",
                  },
                  "createdAt": "1969-12-31T23:59:50.000Z",
                  "id": 2,
                  "userId": 2,
                },
              ]
            }
          />
        </div>
      </section>
    </section>
    <CustomModal
      body={
        <Connect(withRouter(SignupFormContainer))
          closeModal={[Function]}
          displayForm={[Function]}
        />
      }
      closeModal={[Function]}
      modalIsOpen={false}
    />
  </div>
  <Footer />
</Fragment>
`;
